2024-12-02 20:21:48.001789 (314946) main____ INFO    ----------------------------------------
2024-12-02 20:21:48.001841 (314946) main____ INFO    Jasper version info
2024-12-02 20:21:48.001849 (314946) main____ INFO      tool      : Jasper 2024.12
2024-12-02 20:21:48.001857 (314946) main____ INFO      version   : 2024.12-20241120 64 bits
2024-12-02 20:21:48.001863 (314946) main____ INFO      build date: 2024.11.20 12:43:18 UTC
2024-12-02 20:21:48.001868 (314946) main____ INFO    ----------------------------------------
2024-12-02 20:21:48.001873 (314946) main____ INFO    Runtime info:
2024-12-02 20:21:48.001880 (314946) main____ INFO      platform  : Linux 6.8.0-48-generic x86_64
2024-12-02 20:21:48.001888 (314946) main____ INFO      hostname  : tfm2
2024-12-02 20:21:48.001895 (314946) main____ INFO      pid       : 314946
2024-12-02 20:21:48.001900 (314946) main____ INFO      arguments : '-style' 'windows' '-allow_unsupported_OS'
2024-12-02 20:21:48.001907 (314946) main____ INFO      locale    : UTF-8
2024-12-02 20:21:48.001912 (314946) main____ INFO    ----------------------------------------
2024-12-02 20:21:48.001917 (314946) main____ INFO    System resource limits info:
2024-12-02 20:21:48.001923 (314946) main____ INFO      virtual memory: unlimited
2024-12-02 20:21:48.001929 (314946) main____ INFO      cpu time      : unlimited
2024-12-02 20:21:48.001937 (314946) main____ INFO      processes     : 1029025
2024-12-02 20:21:48.001947 (314946) main____ INFO      stack size    : 8388608 B
2024-12-02 20:21:48.001954 (314946) main____ INFO      core file size: 0 B
2024-12-02 20:21:48.001960 (314946) main____ INFO      open files    : 1048576
2024-12-02 20:21:48.001966 (314946) main____ INFO      file size     : unlimited
2024-12-02 20:21:48.001971 (314946) main____ INFO    ----------------------------------------
2024-12-02 20:21:48.001975 (314946) main____ INFO    Memory statistics:
2024-12-02 20:21:48.001981 (314946) main____ INFO      total physical memory  : 263502988 kB
2024-12-02 20:21:48.001987 (314946) main____ INFO      free physical memory   : 244374440 kB
2024-12-02 20:21:48.001993 (314946) main____ INFO      committed address space: 1547856 kB
2024-12-02 20:21:48.001998 (314946) main____ INFO    ----------------------------------------
2024-12-02 20:21:48.002632 (314946) main____ INFO    Important environment variables:
2024-12-02 20:21:48.002649 (314946) main____ INFO      CDS_LIC_FILE       : '5280@tfm2.cs.ox.ac.uk'
2024-12-02 20:21:48.002656 (314946) main____ INFO      DISPLAY            : 'localhost:10.0'
2024-12-02 20:21:48.002675 (314946) main____ INFO      JASPER_CPU_CHECK   : '1'
2024-12-02 20:21:48.002682 (314946) main____ INFO      JASPER_INSTALL_DIR : '/eda/cadence/installs/jasper_2024.1220241120044209'
2024-12-02 20:21:48.002688 (314946) main____ INFO      JASPER_KERNEL_CHECK: '1'
2024-12-02 20:21:48.002694 (314946) main____ INFO      JASPER_OS_CHECK    : '0'
2024-12-02 20:21:48.002700 (314946) main____ INFO      JASPER_PLATFORM    : 'Linux64'
2024-12-02 20:21:48.002706 (314946) main____ INFO      LANG               : 'en_GB.UTF-8'
2024-12-02 20:21:48.002712 (314946) main____ INFO      LM_LIC_FILE        : '5280@tfm2.cs.ox.ac.uk'
2024-12-02 20:21:48.002717 (314946) main____ INFO    ----------------------------------------
2024-12-02 20:21:48.002787 (314946) lic_core INFO    Initializing license system ...
2024-12-02 20:21:48.229459 (314954) lic_core INFO    [20:21:48.229257] Configured Lic search path (24.01-s003): 5280@tfm2.cs.ox.ac.uk
2024-12-02 20:21:48.232390 (314946) lic_core INFO    ... license system initialized.
2024-12-02 20:21:48.232588 (314946) lic__man INFO    Claim 'main' for <ui>.
2024-12-02 20:21:48.232605 (314946) lic_core INFO    (1) checking out 'jasper_interactive' ...
2024-12-02 20:21:48.244634 (314946) lic_core INFO    ... (1) checkout succeeded
2024-12-02 20:21:48.244693 (314946) lic__man INFO    Claim 'fpv' for <ui>.
2024-12-02 20:21:48.244716 (314946) lic_core INFO    (2) checking out 'jasper_fpv' ...
2024-12-02 20:21:48.246940 (314946) lic_core INFO    ... (2) checkout failed (error: -5) ("FLEXnet ERROR(-5, 0, 0): No such feature exists.")
2024-12-02 20:21:48.246978 (314946) lic_core INFO    (3) checking out 'jasper_fao' ...
2024-12-02 20:21:48.248590 (314946) lic_core INFO    ... (3) checkout failed (error: -5) ("FLEXnet ERROR(-5, 0, 0): No such feature exists.")
2024-12-02 20:21:48.248610 (314946) lic_core INFO    (4) checking out 'jasper_papp' ...
2024-12-02 20:21:48.256611 (314946) lic_core INFO    ... (4) checkout succeeded
2024-12-02 20:21:48.257141 (314946) main____ INFO    Tool inactivity delay is 480000 ms.
2024-12-02 20:21:48.714827 (314946) lic__man INFO    Claim 'fpv' for <ui>.
2024-12-02 20:21:48.838770 (314946) lic__man INFO    Unclaim 'fpv' for <ui>.
2024-12-02 20:21:48.838808 (314946) lic__man INFO    Claim 'fpv' for <ui>.
2024-12-02 20:21:48.842438 (314946) session_ INFO    Starting analysis session with session id 'session_0' (launcher: <local>) ...
2024-12-02 20:21:48.849750 (314946) session_ INFO    Analysis session with session id 'session_0' started (pid: 314971)
2024-12-02 20:21:49.685416 (314946) session_ INFO    Analysis session 'session_0' connected to the console (host: 127.0.0.1:60624)
2024-12-02 20:21:50.967383 (314946) main____ INFO    Releasing console memory by request of analysis session 'session_0'.
2024-12-02 20:21:50.970347 (314946) lic__man INFO    Unclaim everything for 'session_0'.
2024-12-02 20:21:51.679590 (314946) lic__man INFO    Unclaim everything for 'session_0'.
2024-12-02 20:21:51.737259 (314946) lic__man INFO    Claim 'symsim' for 'session_0'.
2024-12-02 20:21:51.737292 (314946) lic_core INFO    (5) checking out 'jasper_symsim' ...
2024-12-02 20:21:51.740672 (314946) lic_core INFO    ... (5) checkout failed (error: -5) ("FLEXnet ERROR(-5, 0, 0): No such feature exists.")
2024-12-02 20:21:51.740702 (314946) lic_core INFO    (6) checking out 'jasper_dfv' ...
2024-12-02 20:21:51.748865 (314946) lic_core INFO    ... (6) checkout succeeded
2024-12-02 20:22:48.199454 (314946) main____ INFO    Releasing console memory by request of analysis session 'session_0'.
2024-12-02 20:22:48.199525 (314946) lic__man INFO    Unclaim everything for 'session_0'.
2024-12-02 20:22:48.474110 (314954) lic_core INFO    [20:22:48.473947] Periodic Lic check successful
2024-12-02 20:22:48.474146 (314954) lic_core INFO      [20:22:48.473985] Feature usage summary:
2024-12-02 20:22:48.474155 (314954) lic_core INFO      [20:22:48.473985] jasper_interactive
2024-12-02 20:22:48.474161 (314954) lic_core INFO      [20:22:48.473986] jasper_dfv
2024-12-02 20:22:48.474168 (314954) lic_core INFO      [20:22:48.473987] jasper_papp
2024-12-02 20:22:48.877959 (314946) lic__man INFO    Unclaim everything for 'session_0'.
2024-12-02 20:22:48.934072 (314946) lic__man INFO    Claim 'symsim' for 'session_0'.
2024-12-02 20:22:53.865447 (314946) main____ INFO    Releasing console memory by request of analysis session 'session_0'.
2024-12-02 20:22:53.865563 (314946) lic__man INFO    Unclaim everything for 'session_0'.
2024-12-02 20:22:54.545143 (314946) lic__man INFO    Unclaim everything for 'session_0'.
2024-12-02 20:22:54.600053 (314946) lic__man INFO    Claim 'symsim' for 'session_0'.
2024-12-02 20:23:12.698985 (314946) main____ INFO    Releasing console memory by request of analysis session 'session_0'.
2024-12-02 20:23:12.699050 (314946) lic__man INFO    Unclaim everything for 'session_0'.
2024-12-02 20:23:13.382410 (314946) lic__man INFO    Unclaim everything for 'session_0'.
2024-12-02 20:23:13.437185 (314946) lic__man INFO    Claim 'symsim' for 'session_0'.
2024-12-02 20:23:40.498933 (314946) main____ INFO    Releasing console memory by request of analysis session 'session_0'.
2024-12-02 20:23:40.499294 (314946) lic__man INFO    Unclaim everything for 'session_0'.
2024-12-02 20:23:41.182746 (314946) lic__man INFO    Unclaim everything for 'session_0'.
2024-12-02 20:23:41.238225 (314946) lic__man INFO    Claim 'symsim' for 'session_0'.
2024-12-02 20:26:40.158536 (314946) main____ INFO    Releasing console memory by request of analysis session 'session_0'.
2024-12-02 20:26:40.158648 (314946) lic__man INFO    Unclaim everything for 'session_0'.
2024-12-02 20:26:40.839910 (314946) lic__man INFO    Unclaim everything for 'session_0'.
2024-12-02 20:26:40.986125 (314946) lic__man INFO    Claim 'symsim' for 'session_0'.
2024-12-02 20:29:35.769157 (314976) main____ INFO    SIGINT received (#1). Trying to interrupt current computation(s).
2024-12-02 20:29:35.930955 (314976) main____ INFO    SIGINT received (#2). Trying to save and exit.
2024-12-02 20:29:35.935130 (314946) main____ INFO    The database has been auto-saved to '/home/ug22btyh/TwoCycleAnd_Brandon/jgproject/autosave_SKhCGy.db'.
2024-12-02 20:29:36.009311 (314946) session_ INFO    Analysis session 'session_0' disconnected.
2024-12-02 20:29:36.014509 (314946) lic_core INFO    (1) checkin jasper_interactive
2024-12-02 20:29:36.014850 (314946) lic_core INFO    (4) checkin jasper_papp
2024-12-02 20:29:36.015100 (314946) lic_core INFO    (6) checkin jasper_dfv
2024-12-02 20:29:36.015740 (314946) lic_core INFO    Lic Summary:
2024-12-02 20:29:36.015758 (314946) lic_core INFO      [20:29:36.015616] Cdslmd servers:5280@tfm2.cs.ox.ac.uk
2024-12-02 20:29:36.015766 (314946) lic_core INFO      [20:29:36.015626] Feature usage summary:
2024-12-02 20:29:36.015773 (314946) lic_core INFO      [20:29:36.015627] jasper_interactive
2024-12-02 20:29:36.015780 (314946) lic_core INFO      [20:29:36.015627] jasper_dfv
2024-12-02 20:29:36.015788 (314946) lic_core INFO      [20:29:36.015627] jasper_papp
2024-12-02 20:29:36.015960 (314946) main____ INFO    Exiting with status 0.
