# ----------------------------------------
# Jasper Version Info
# tool      : Jasper 2024.12
# platform  : Linux 6.8.0-48-generic
# version   : 2024.12-20241120 64 bits
# build date: 2024.11.20 12:43:18 UTC
# ----------------------------------------
# started   : 2024-12-02 20:21:49 UTC
# hostname  : tfm2.(none)
# pid       : 314971
# arguments : '-label' 'session_0' '-console' '//127.0.0.1:45829' '-style' 'windows' '-data' 'AAAAinicY2RgYLCp////PwMYMD6A0Aw2jAyoAMRnQhUJbEChGRhYkRVrMegyJDLkAGE+QzlDPEMpQx5DMZAsAMJ8hiKGEoZUhhSguD9DMFgPAM7XDyQ=' '-proj' '/home/ug22btyh/TwoCycleAnd_Brandon/jgproject/sessionLogs/session_0' '-init' '-hidden' '/home/ug22btyh/TwoCycleAnd_Brandon/jgproject/.tmp/.initCmds.tcl'

Any disclosure about the Cadence Design Systems software or its use
model to any third party violates the written Non-Disclosure Agreement
between Cadence Design Systems, Inc. and the customer.

THIS SOFTWARE CONTAINS CONFIDENTIAL INFORMATION AND TRADE SECRETS OF
CADENCE DESIGN SYSTEMS, INC. USE, DISCLOSURE, OR REPRODUCTION IS
PROHIBITED WITHOUT THE PRIOR EXPRESS WRITTEN PERMISSION OF CADENCE
DESIGN SYSTEMS, INC.

Copyright (C) 2000-2024 Cadence Design Systems, Inc. All Rights
Reserved.  Unpublished -- rights reserved under the copyright laws of
the United States.

This product includes software developed by others and redistributed
according to license agreement. See doc/third_party_readme.txt for
further details.

RESTRICTED RIGHTS LEGEND

Use, duplication, or disclosure by the Government is subject to
restrictions as set forth in subparagraph (c) (1) (ii) of the Rights in
Technical Data and Computer Software clause at DFARS 252.227-7013 or
subparagraphs (c) (1) and (2) of Commercial Computer Software -- Restricted
Rights at 48 CFR 52.227-19, as applicable.


                          Cadence Design Systems, Inc.
                          2655 Seely Avenue
                          San Jose, CA 95134
                          Phone: 408.943.1234

For technical assistance visit http://support.cadence.com.

Jasper Apps Analysis Session - /home/ug22btyh/TwoCycleAnd_Brandon/jgproject/sessionLogs/session_0

INFO: successfully checked out licenses "jasper_interactive" and "jasper_papp".
INFO: reading configuration file "/home/ug22btyh/.config/cadence/jasper.conf".
% # ===== DFV Proof via SymsimUtils.tcl =====
% clear -all
INFO (IPF121): Cleared environment completely for new design analysis.
% source symsim_utils.tcl
% source helpers.tcl
% analyze -sv and_2_cycles.sv
[-- (VERI-1482)] Analyzing Verilog file '/eda/cadence/installs/jasper_2024.1220241120044209/lib/verilog/packages/std/std.sv' into library 'std'
[-- (VERI-1482)] Analyzing Verilog file 'and_2_cycles.sv'
% analyze -sva v_and_2_cycles.sva
[-- (VERI-1482)] Analyzing Verilog file 'v_and_2_cycles.sva'
% analyze -sv bind_and_2_cycles.sv
[-- (VERI-1482)] Analyzing Verilog file 'bind_and_2_cycles.sv'
% elaborate -top and_2_cycles_top
INFO (ISW003): Top module name is "and_2_cycles_top".
[INFO (HIER-8002)] and_2_cycles.sv(26): Disabling old hierarchical reference handler
[INFO (VERI-1018)] v_and_2_cycles.sva(7): compiling module 'and_2_cycles_spec'
[INFO (VERI-1018)] and_2_cycles.sv(7): compiling module 'and_2_cycles_top'
INFO (INL208): Elaboration synthesis summary:
  Number of synthesized netlists          3 (1 packages)
  Single run mode                         On
  Pipeline                                On (2 pipelined netlists)
  Late hierarchical reference connection  On
  Number of analyzed Verilog modules      3 (3 synthesized)
  Number of analyzed VHDL entities        0 (0 synthesized)
INFO (INL003): Clearing all state information (assumes, stopats, and so forth).
and_2_cycles_top
[<embedded>] % clock -both_edges clk
[<embedded>] % reset -none
INFO (IPM031): Clearing proof results of all properties.
[<embedded>] % 
[<embedded>] % set modelId [check_symsim -model -create]
INFO (IRS029): Starting reset analysis: phase 1 of 4.
INFO (IRS030): Running reset analysis: phase 2 of 4.
INFO (IRS031): Running reset analysis: phase 3 of 4.
INFO (IRS020): Starting the reset analysis simulation with a limit of 100 iterations (phase 4 of 4).
INFO (IRS024): Reset iterations 0 to 7 analyzed.
INFO (IRS018): Reset analysis simulation executed for 6 iterations. Assigned values for 0 of 2 design flops, 0 of 0 design latches, 3 of 12 internal elements.
INFO (IRS039): Reset analysis complete.
185
[<embedded>] % set assertions [check_symsim -model $modelId -list assert]
and_2_cycles_top.spec.and_correct
[<embedded>] % set propertyName <embedded>::and_2_cycles_top.spec.and_correct
<embedded>::and_2_cycles_top.spec.and_correct
[<embedded>] % 
[<embedded>] % #  (##2 o == ($past(a, 1) & $past(b, 1) & $past(c, 1) & $past(a, 2) & $past(b, 2) & $past(c, 2)));
[<embedded>] % # For this property, we need to simulate the inputs for ticks 2 and 4
[<embedded>] % # We check the property at tick 6
[<embedded>] % 
[<embedded>] % namespace import symsim::*
[<embedded>] % check_symsim -recipe my_recipe -config -init_states false 
[<embedded>] % # the fact that the reset state is Xs everywhere means we can generalise our simulation to start at any time
[<embedded>] % check_symsim -recipe my_recipe -config -cin_ncfow false -cout_ncfow false
[<embedded>] % 
[<embedded>] % 
[<embedded>] % # We add observation ticks so we can better visualise what is happening during the simulation
[<embedded>] % set obs_ticks [create_list 1 8]
1 2 3 4 5 6 7 8
[<embedded>] % set observed_signals [list a b c o]
a b c o
[<embedded>] % set cout_observation_dict [zip_as_dict $observed_signals $obs_ticks]
a 1 b 2 c 3 o 4 {} 8
[<embedded>] % check_symsim -recipe my_recipe -config -add_cout_observation $cout_observation_dict
ERROR (ESYM007): Unable to find signal "" in symbolic model "and_2_cycles_top".


[<embedded>] % 
[<embedded>] % set aantv [create_antecedent -signal a -tick [list 2 4]]
--> DFV RNG seed: 1593790421628712
a {{a@2 2} {a@4 4}}
[<embedded>] % set bantv [create_antecedent -signal b -tick [list 2 4]]
b {{b@2 2} {b@4 4}}
[<embedded>] % set cantv [create_antecedent -signal c -tick [list 2 4]]
c {{c@2 2} {c@4 4}}
[<embedded>] % set antv [merge_antecedents $aantv $bantv $cantv]
a { {a@2 2} {a@4 4}} b { {b@2 2} {b@4 4}} c { {c@2 2} {c@4 4}}
[<embedded>] % 
[<embedded>] % set cout [create_output_constraint -property $propertyName -tick [list 6]]
6
<embedded>::and_2_cycles_top.spec.and_correct 6
[<embedded>] % 
[<embedded>] % puts $antv
a { {a@2 2} {a@4 4}} b { {b@2 2} {b@4 4}} c { {c@2 2} {c@4 4}}
[<embedded>] % puts $cout
<embedded>::and_2_cycles_top.spec.and_correct 6
[<embedded>] % 
[<embedded>] % check_symsim -resolved_recipe -create -recipe my_recipe -antv $antv -cout $cout -force
Associating property and_2_cycles_top.spec.and_correct with recipe my_recipe
resolved_recipe_name my_recipe recipe_type leaf resolved_recipe_path my_recipe recipe_path my_recipe model_id 185 antecedent_seq 2 weakening_seq 1 untimed_ncfow false cin_config {vacuity_check_pass false param_config {num_param_stages 1 num_param_substages 1 param_instances {} param_exclude_symbols {}} obs_dict {} num_steps 1 ncfow_canonize true ncfow_dyn_wlim 10 ncfow_bit_level_weaken true ncfow_assume_clocks false main_canonize true main_dyn_wlim 0 main_bit_level_weaken true param_constants_only false param_bdd_limit 0} cout_config {obs_dict {<embedded>::and_2_cycles_top.spec.and_correct 6} num_steps 6 ncfow false main_canonize true main_dyn_wlim 0 main_bit_level_weaken true constant_propagation false use_sat_solver false conjver_fail_on_first true conjver_max_passes 3 conjver_max_goal_size 1000000}
[<embedded>] % 
[<embedded>] % set proofRes [check_symsim -prove -resolved_recipe my_recipe ]
INFO (ISYM001): Proving leaf recipe my_recipe (Proof Id = 1) ...
WARNING (WSYM047): No BDD order configured for recipe "my_recipe".
    Use check_symsim -recipe -var_order to configure a BDD order.
INFO (ISYM001): --> Starting stage 0 ...
INFO (ISYM001): --> No cins configured for this stage ... skipping it.
INFO (ISYM001): Running main simulation on cout ... ("cout_main_simulation")
--> BDD dynamic weakening limit = 0
Resolving antecedent 2, weakening 4 ...
Obtained resolved sequence 5 ...
Init Symbolic Simulator for view: 185 ("0x8462900") ...
--> Mark Simulation Graph COI vertices ...
----> 30 COI vertices (32 vertices in Graph)
--> 30 nets to simulate; #free inputs: 3 (3 bits); #undriven nets: 0 (0 bits)
Setup CLOCKs ...
Setup Reset Controls ...
Setup Stimuli collaterals by STE Resolved Sequence 5 from step 1 ...
----> 0 nets are always driven by stimuli in steps 0:6

          Symbolic Simulation Setup:
          --------------------------
          # Simulation Steps: from 1 to 7 = 7
          # Simulation Mode: STE

Start simulation step 1(7) ...
Start constant propagation ...
--> Mark Simulation Graph COI vertices ...
----> 30 COI vertices (32 vertices in Graph)
--> 30 nets to simulate; #free inputs: 3 (3 bits); #undriven nets: 0 (0 bits)
Start simulation step 2(7) ...
Start simulation step 3(7) ...
Start simulation step 4(7) ...
Start simulation step 5(7) ...
Start simulation step 6(7) ...
Start simulation step 7(7) ...
Starting BDD garbage collection: 
Total number of BDD nodes: 27
Total memory usage of BDD Manager: 8 MB

Completed BDD garbage collection: 
Total number of BDD nodes: 15
Total memory usage of BDD Manager: 8 MB

End of simulation loop

Constructed trace sequence 6 (my_recipe_main_seq)
Goal <embedded>::and_2_cycles_top.spec.and_correct @ 6 solved.
recipe_type leaf recipe_results {proof_id 1 model_id 185 exit_status completed run_status success solved_goals {{<embedded>::and_2_cycles_top.spec.and_correct 6}} vacuous_goals {} undetermined_falsifiable_goals {} undetermined_x_goals {} unsolved_goals {} remaining_goals {}}
[<embedded>] % set recipe_res [dict get  $proofRes recipe_results]
proof_id 1 model_id 185 exit_status completed run_status success solved_goals {{<embedded>::and_2_cycles_top.spec.and_correct 6}} vacuous_goals {} undetermined_falsifiable_goals {} undetermined_x_goals {} unsolved_goals {} remaining_goals {}
[<embedded>] % set proofId [dict get $recipe_res proof_id]
1
[<embedded>] % 
[<embedded>] % 
[<embedded>] % # We can analyse the output sequence at the observation ticks
[<embedded>] % # Note that the assertion signal will automatically get observed at the relevant ticks for the proof
[<embedded>] % set outputSeq [symsim::get_result_sequence]
6
[<embedded>] % check_symsim -sequence $outputSeq -get [list o] -verbose
Sequence: 6
Name: my_recipe_main_seq

 Signal: o
 +--------+--------+----------------------------------------+----------------------------------------+
 | From   | To     | High                                   | Low                                    | 
 +--------+--------+----------------------------------------+----------------------------------------+
 | 6      | 6      | a@2 & a@4 & b@2 & b@4 & c@2 & c@4      | ~a@2 | ~a@4 | ~b@2 | ~b@4 | ~c@2 | ~c@ | 
 |        |        |                                        | 4                                      | 
 +--------+--------+----------------------------------------+----------------------------------------+

o {{75 76 6:6}}
[<embedded>] % check_symsim -sequence $outputSeq -get $assertions -verbose
Sequence: 6
Name: my_recipe_main_seq

 Signal: spec.and_correct
 +--------+--------+----------------------------------------+----------------------------------------+
 | From   | To     | High                                   | Low                                    | 
 +--------+--------+----------------------------------------+----------------------------------------+
 | 6      | 6      | 1'b1                                   | 1'b0                                   | 
 +--------+--------+----------------------------------------+----------------------------------------+

spec.and_correct {{1 2 6:6}}
[<embedded>] % 
[<embedded>] % # symsim::debug_proof
[<embedded>] % 
[<embedded>] % # We need to finish off the proof for ticks < 6
[<embedded>] % # prove -property $propertyName -max_trace_length 5
[<embedded>] % # ===== DFV Proof via SymsimUtils.tcl =====
[<embedded>] % clear -all
INFO (IPF121): Cleared environment completely for new design analysis.
% source symsim_utils.tcl
% source helpers.tcl
extra characters after close-brace

% analyze -sv and_2_cycles.sv
[-- (VERI-1482)] Analyzing Verilog file '/eda/cadence/installs/jasper_2024.1220241120044209/lib/verilog/packages/std/std.sv' into library 'std'
[-- (VERI-1482)] Analyzing Verilog file 'and_2_cycles.sv'
% analyze -sva v_and_2_cycles.sva
[-- (VERI-1482)] Analyzing Verilog file 'v_and_2_cycles.sva'
% analyze -sv bind_and_2_cycles.sv
[-- (VERI-1482)] Analyzing Verilog file 'bind_and_2_cycles.sv'
% elaborate -top and_2_cycles_top
INFO (ISW003): Top module name is "and_2_cycles_top".
[INFO (HIER-8002)] and_2_cycles.sv(26): Disabling old hierarchical reference handler
[INFO (VERI-1018)] v_and_2_cycles.sva(7): compiling module 'and_2_cycles_spec'
[INFO (VERI-1018)] and_2_cycles.sv(7): compiling module 'and_2_cycles_top'
INFO (INL208): Elaboration synthesis summary:
  Number of synthesized netlists          3 (1 packages)
  Single run mode                         On
  Pipeline                                On (2 pipelined netlists)
  Late hierarchical reference connection  On
  Number of analyzed Verilog modules      3 (3 synthesized)
  Number of analyzed VHDL entities        0 (0 synthesized)
INFO (INL003): Clearing all state information (assumes, stopats, and so forth).
and_2_cycles_top
[<embedded>] % clock -both_edges clk
[<embedded>] % reset -none
INFO (IPM031): Clearing proof results of all properties.
[<embedded>] % 
[<embedded>] % set modelId [check_symsim -model -create]
INFO (IRS029): Starting reset analysis: phase 1 of 4.
INFO (IRS030): Running reset analysis: phase 2 of 4.
INFO (IRS031): Running reset analysis: phase 3 of 4.
INFO (IRS020): Starting the reset analysis simulation with a limit of 100 iterations (phase 4 of 4).
INFO (IRS024): Reset iterations 0 to 7 analyzed.
INFO (IRS018): Reset analysis simulation executed for 6 iterations. Assigned values for 0 of 2 design flops, 0 of 0 design latches, 3 of 12 internal elements.
INFO (IRS039): Reset analysis complete.
316
[<embedded>] % set assertions [check_symsim -model $modelId -list assert]
and_2_cycles_top.spec.and_correct
[<embedded>] % set propertyName <embedded>::and_2_cycles_top.spec.and_correct
<embedded>::and_2_cycles_top.spec.and_correct
[<embedded>] % 
[<embedded>] % #  (##2 o == ($past(a, 1) & $past(b, 1) & $past(c, 1) & $past(a, 2) & $past(b, 2) & $past(c, 2)));
[<embedded>] % # For this property, we need to simulate the inputs for ticks 2 and 4
[<embedded>] % # We check the property at tick 6
[<embedded>] % 
[<embedded>] % namespace import symsim::*
[<embedded>] % check_symsim -recipe my_recipe -config -init_states false 
[<embedded>] % # the fact that the reset state is Xs everywhere means we can generalise our simulation to start at any time
[<embedded>] % check_symsim -recipe my_recipe -config -cin_ncfow false -cout_ncfow false
[<embedded>] % 
[<embedded>] % 
[<embedded>] % # We add observation ticks so we can better visualise what is happening during the simulation
[<embedded>] % set obs_ticks [create_list 1 8]
1 2 3 4 5 6 7 8
[<embedded>] % set observed_signals [list a b c o]
a b c o
[<embedded>] % set cout_observation_dict [zip_as_dict $observed_signals $obs_ticks]
a 1 b 2 c 3 o 4 {} 8
[<embedded>] % check_symsim -recipe my_recipe -config -add_cout_observation $cout_observation_dict
ERROR (ESYM007): Unable to find signal "" in symbolic model "and_2_cycles_top".


[<embedded>] % 
[<embedded>] % set aantv [create_antecedent -signal a -tick [list 2 4]]
a {{a@2 2} {a@4 4}}
[<embedded>] % set bantv [create_antecedent -signal b -tick [list 2 4]]
b {{b@2 2} {b@4 4}}
[<embedded>] % set cantv [create_antecedent -signal c -tick [list 2 4]]
c {{c@2 2} {c@4 4}}
[<embedded>] % set antv [merge_antecedents $aantv $bantv $cantv]
a { {a@2 2} {a@4 4}} b { {b@2 2} {b@4 4}} c { {c@2 2} {c@4 4}}
[<embedded>] % 
[<embedded>] % set cout [create_output_constraint -property $propertyName -tick [list 6]]
6
<embedded>::and_2_cycles_top.spec.and_correct 6
[<embedded>] % 
[<embedded>] % puts $antv
a { {a@2 2} {a@4 4}} b { {b@2 2} {b@4 4}} c { {c@2 2} {c@4 4}}
[<embedded>] % puts $cout
<embedded>::and_2_cycles_top.spec.and_correct 6
[<embedded>] % 
[<embedded>] % check_symsim -resolved_recipe -create -recipe my_recipe -antv $antv -cout $cout -force
Associating property and_2_cycles_top.spec.and_correct with recipe my_recipe
resolved_recipe_name my_recipe recipe_type leaf resolved_recipe_path my_recipe recipe_path my_recipe model_id 316 antecedent_seq 2 weakening_seq 1 untimed_ncfow false cin_config {vacuity_check_pass false param_config {num_param_stages 1 num_param_substages 1 param_instances {} param_exclude_symbols {}} obs_dict {} num_steps 1 ncfow_canonize true ncfow_dyn_wlim 10 ncfow_bit_level_weaken true ncfow_assume_clocks false main_canonize true main_dyn_wlim 0 main_bit_level_weaken true param_constants_only false param_bdd_limit 0} cout_config {obs_dict {<embedded>::and_2_cycles_top.spec.and_correct 6} num_steps 6 ncfow false main_canonize true main_dyn_wlim 0 main_bit_level_weaken true constant_propagation false use_sat_solver false conjver_fail_on_first true conjver_max_passes 3 conjver_max_goal_size 1000000}
[<embedded>] % 
[<embedded>] % set proofRes [check_symsim -prove -resolved_recipe my_recipe ]
INFO (ISYM001): Proving leaf recipe my_recipe (Proof Id = 1) ...
WARNING (WSYM047): No BDD order configured for recipe "my_recipe".
    Use check_symsim -recipe -var_order to configure a BDD order.
INFO (ISYM001): --> Starting stage 0 ...
INFO (ISYM001): --> No cins configured for this stage ... skipping it.
INFO (ISYM001): Running main simulation on cout ... ("cout_main_simulation")
--> BDD dynamic weakening limit = 0
Resolving antecedent 2, weakening 4 ...
Obtained resolved sequence 5 ...
Init Symbolic Simulator for view: 316 ("0x79977d0") ...
--> Mark Simulation Graph COI vertices ...
----> 30 COI vertices (32 vertices in Graph)
--> 30 nets to simulate; #free inputs: 3 (3 bits); #undriven nets: 0 (0 bits)
Setup CLOCKs ...
Setup Reset Controls ...
Setup Stimuli collaterals by STE Resolved Sequence 5 from step 1 ...
----> 0 nets are always driven by stimuli in steps 0:6

          Symbolic Simulation Setup:
          --------------------------
          # Simulation Steps: from 1 to 7 = 7
          # Simulation Mode: STE

Start simulation step 1(7) ...
Start constant propagation ...
--> Mark Simulation Graph COI vertices ...
----> 30 COI vertices (32 vertices in Graph)
--> 30 nets to simulate; #free inputs: 3 (3 bits); #undriven nets: 0 (0 bits)
Start simulation step 2(7) ...
Start simulation step 3(7) ...
Start simulation step 4(7) ...
Start simulation step 5(7) ...
Start simulation step 6(7) ...
Start simulation step 7(7) ...
Starting BDD garbage collection: 
Total number of BDD nodes: 27
Total memory usage of BDD Manager: 8 MB

Completed BDD garbage collection: 
Total number of BDD nodes: 15
Total memory usage of BDD Manager: 8 MB

End of simulation loop

Constructed trace sequence 6 (my_recipe_main_seq)
Goal <embedded>::and_2_cycles_top.spec.and_correct @ 6 solved.
recipe_type leaf recipe_results {proof_id 1 model_id 316 exit_status completed run_status success solved_goals {{<embedded>::and_2_cycles_top.spec.and_correct 6}} vacuous_goals {} undetermined_falsifiable_goals {} undetermined_x_goals {} unsolved_goals {} remaining_goals {}}
[<embedded>] % set recipe_res [dict get  $proofRes recipe_results]
proof_id 1 model_id 316 exit_status completed run_status success solved_goals {{<embedded>::and_2_cycles_top.spec.and_correct 6}} vacuous_goals {} undetermined_falsifiable_goals {} undetermined_x_goals {} unsolved_goals {} remaining_goals {}
[<embedded>] % set proofId [dict get $recipe_res proof_id]
1
[<embedded>] % 
[<embedded>] % 
[<embedded>] % # We can analyse the output sequence at the observation ticks
[<embedded>] % # Note that the assertion signal will automatically get observed at the relevant ticks for the proof
[<embedded>] % set outputSeq [symsim::get_result_sequence]
6
[<embedded>] % check_symsim -sequence $outputSeq -get [list o] -verbose
Sequence: 6
Name: my_recipe_main_seq

 Signal: o
 +--------+--------+----------------------------------------+----------------------------------------+
 | From   | To     | High                                   | Low                                    | 
 +--------+--------+----------------------------------------+----------------------------------------+
 | 6      | 6      | a@2 & a@4 & b@2 & b@4 & c@2 & c@4      | ~a@2 | ~a@4 | ~b@2 | ~b@4 | ~c@2 | ~c@ | 
 |        |        |                                        | 4                                      | 
 +--------+--------+----------------------------------------+----------------------------------------+

o {{75 76 6:6}}
[<embedded>] % check_symsim -sequence $outputSeq -get $assertions -verbose
Sequence: 6
Name: my_recipe_main_seq

 Signal: spec.and_correct
 +--------+--------+----------------------------------------+----------------------------------------+
 | From   | To     | High                                   | Low                                    | 
 +--------+--------+----------------------------------------+----------------------------------------+
 | 6      | 6      | 1'b1                                   | 1'b0                                   | 
 +--------+--------+----------------------------------------+----------------------------------------+

spec.and_correct {{1 2 6:6}}
[<embedded>] % 
[<embedded>] % # symsim::debug_proof
[<embedded>] % 
[<embedded>] % # We need to finish off the proof for ticks < 6
[<embedded>] % # prove -property $propertyName -max_trace_length 5
[<embedded>] % # ===== DFV Proof via SymsimUtils.tcl =====
[<embedded>] % clear -all
INFO (IPF121): Cleared environment completely for new design analysis.
% source symsim_utils.tcl
% source helpers.tcl
extra characters after close-brace

% analyze -sv and_2_cycles.sv
[-- (VERI-1482)] Analyzing Verilog file '/eda/cadence/installs/jasper_2024.1220241120044209/lib/verilog/packages/std/std.sv' into library 'std'
[-- (VERI-1482)] Analyzing Verilog file 'and_2_cycles.sv'
% analyze -sva v_and_2_cycles.sva
[-- (VERI-1482)] Analyzing Verilog file 'v_and_2_cycles.sva'
% analyze -sv bind_and_2_cycles.sv
[-- (VERI-1482)] Analyzing Verilog file 'bind_and_2_cycles.sv'
% elaborate -top and_2_cycles_top
INFO (ISW003): Top module name is "and_2_cycles_top".
[INFO (HIER-8002)] and_2_cycles.sv(26): Disabling old hierarchical reference handler
[INFO (VERI-1018)] v_and_2_cycles.sva(7): compiling module 'and_2_cycles_spec'
[INFO (VERI-1018)] and_2_cycles.sv(7): compiling module 'and_2_cycles_top'
INFO (INL208): Elaboration synthesis summary:
  Number of synthesized netlists          3 (1 packages)
  Single run mode                         On
  Pipeline                                On (2 pipelined netlists)
  Late hierarchical reference connection  On
  Number of analyzed Verilog modules      3 (3 synthesized)
  Number of analyzed VHDL entities        0 (0 synthesized)
INFO (INL003): Clearing all state information (assumes, stopats, and so forth).
and_2_cycles_top
[<embedded>] % clock -both_edges clk
[<embedded>] % reset -none
INFO (IPM031): Clearing proof results of all properties.
[<embedded>] % 
[<embedded>] % set modelId [check_symsim -model -create]
INFO (IRS029): Starting reset analysis: phase 1 of 4.
INFO (IRS030): Running reset analysis: phase 2 of 4.
INFO (IRS031): Running reset analysis: phase 3 of 4.
INFO (IRS020): Starting the reset analysis simulation with a limit of 100 iterations (phase 4 of 4).
INFO (IRS024): Reset iterations 0 to 7 analyzed.
INFO (IRS018): Reset analysis simulation executed for 6 iterations. Assigned values for 0 of 2 design flops, 0 of 0 design latches, 3 of 12 internal elements.
INFO (IRS039): Reset analysis complete.
332
[<embedded>] % set assertions [check_symsim -model $modelId -list assert]
and_2_cycles_top.spec.and_correct
[<embedded>] % set propertyName <embedded>::and_2_cycles_top.spec.and_correct
<embedded>::and_2_cycles_top.spec.and_correct
[<embedded>] % 
[<embedded>] % #  (##2 o == ($past(a, 1) & $past(b, 1) & $past(c, 1) & $past(a, 2) & $past(b, 2) & $past(c, 2)));
[<embedded>] % # For this property, we need to simulate the inputs for ticks 2 and 4
[<embedded>] % # We check the property at tick 6
[<embedded>] % 
[<embedded>] % namespace import symsim::*
[<embedded>] % check_symsim -recipe my_recipe -config -init_states false 
[<embedded>] % # the fact that the reset state is Xs everywhere means we can generalise our simulation to start at any time
[<embedded>] % check_symsim -recipe my_recipe -config -cin_ncfow false -cout_ncfow false
[<embedded>] % 
[<embedded>] % 
[<embedded>] % # We add observation ticks so we can better visualise what is happening during the simulation
[<embedded>] % set obs_ticks [create_list 1 8]
1 2 3 4 5 6 7 8
[<embedded>] % set observed_signals [list a b c o]
a b c o
[<embedded>] % set cout_observation_dict [zip_as_dict $observed_signals $obs_ticks]
a 1 b 2 c 3 o 4 {} 8
[<embedded>] % check_symsim -recipe my_recipe -config -add_cout_observation $cout_observation_dict
ERROR (ESYM007): Unable to find signal "" in symbolic model "and_2_cycles_top".


[<embedded>] % 
[<embedded>] % set aantv [create_antecedent -signal a -tick [list 2 4]]
a {{a@2 2} {a@4 4}}
[<embedded>] % set bantv [create_antecedent -signal b -tick [list 2 4]]
b {{b@2 2} {b@4 4}}
[<embedded>] % set cantv [create_antecedent -signal c -tick [list 2 4]]
c {{c@2 2} {c@4 4}}
[<embedded>] % set antv [merge_antecedents $aantv $bantv $cantv]
a { {a@2 2} {a@4 4}} b { {b@2 2} {b@4 4}} c { {c@2 2} {c@4 4}}
[<embedded>] % 
[<embedded>] % set cout [create_output_constraint -property $propertyName -tick [list 6]]
6
<embedded>::and_2_cycles_top.spec.and_correct 6
[<embedded>] % 
[<embedded>] % puts $antv
a { {a@2 2} {a@4 4}} b { {b@2 2} {b@4 4}} c { {c@2 2} {c@4 4}}
[<embedded>] % puts $cout
<embedded>::and_2_cycles_top.spec.and_correct 6
[<embedded>] % 
[<embedded>] % check_symsim -resolved_recipe -create -recipe my_recipe -antv $antv -cout $cout -force
Associating property and_2_cycles_top.spec.and_correct with recipe my_recipe
resolved_recipe_name my_recipe recipe_type leaf resolved_recipe_path my_recipe recipe_path my_recipe model_id 332 antecedent_seq 2 weakening_seq 1 untimed_ncfow false cin_config {vacuity_check_pass false param_config {num_param_stages 1 num_param_substages 1 param_instances {} param_exclude_symbols {}} obs_dict {} num_steps 1 ncfow_canonize true ncfow_dyn_wlim 10 ncfow_bit_level_weaken true ncfow_assume_clocks false main_canonize true main_dyn_wlim 0 main_bit_level_weaken true param_constants_only false param_bdd_limit 0} cout_config {obs_dict {<embedded>::and_2_cycles_top.spec.and_correct 6} num_steps 6 ncfow false main_canonize true main_dyn_wlim 0 main_bit_level_weaken true constant_propagation false use_sat_solver false conjver_fail_on_first true conjver_max_passes 3 conjver_max_goal_size 1000000}
[<embedded>] % 
[<embedded>] % set proofRes [check_symsim -prove -resolved_recipe my_recipe ]
INFO (ISYM001): Proving leaf recipe my_recipe (Proof Id = 1) ...
WARNING (WSYM047): No BDD order configured for recipe "my_recipe".
    Use check_symsim -recipe -var_order to configure a BDD order.
INFO (ISYM001): --> Starting stage 0 ...
INFO (ISYM001): --> No cins configured for this stage ... skipping it.
INFO (ISYM001): Running main simulation on cout ... ("cout_main_simulation")
--> BDD dynamic weakening limit = 0
Resolving antecedent 2, weakening 4 ...
Obtained resolved sequence 5 ...
Init Symbolic Simulator for view: 332 ("0x646ad10") ...
--> Mark Simulation Graph COI vertices ...
----> 30 COI vertices (32 vertices in Graph)
--> 30 nets to simulate; #free inputs: 3 (3 bits); #undriven nets: 0 (0 bits)
Setup CLOCKs ...
Setup Reset Controls ...
Setup Stimuli collaterals by STE Resolved Sequence 5 from step 1 ...
----> 0 nets are always driven by stimuli in steps 0:6

          Symbolic Simulation Setup:
          --------------------------
          # Simulation Steps: from 1 to 7 = 7
          # Simulation Mode: STE

Start simulation step 1(7) ...
Start constant propagation ...
--> Mark Simulation Graph COI vertices ...
----> 30 COI vertices (32 vertices in Graph)
--> 30 nets to simulate; #free inputs: 3 (3 bits); #undriven nets: 0 (0 bits)
Start simulation step 2(7) ...
Start simulation step 3(7) ...
Start simulation step 4(7) ...
Start simulation step 5(7) ...
Start simulation step 6(7) ...
Start simulation step 7(7) ...
Starting BDD garbage collection: 
Total number of BDD nodes: 27
Total memory usage of BDD Manager: 8 MB

Completed BDD garbage collection: 
Total number of BDD nodes: 15
Total memory usage of BDD Manager: 8 MB

End of simulation loop

Constructed trace sequence 6 (my_recipe_main_seq)
Goal <embedded>::and_2_cycles_top.spec.and_correct @ 6 solved.
recipe_type leaf recipe_results {proof_id 1 model_id 332 exit_status completed run_status success solved_goals {{<embedded>::and_2_cycles_top.spec.and_correct 6}} vacuous_goals {} undetermined_falsifiable_goals {} undetermined_x_goals {} unsolved_goals {} remaining_goals {}}
[<embedded>] % set recipe_res [dict get  $proofRes recipe_results]
proof_id 1 model_id 332 exit_status completed run_status success solved_goals {{<embedded>::and_2_cycles_top.spec.and_correct 6}} vacuous_goals {} undetermined_falsifiable_goals {} undetermined_x_goals {} unsolved_goals {} remaining_goals {}
[<embedded>] % set proofId [dict get $recipe_res proof_id]
1
[<embedded>] % 
[<embedded>] % 
[<embedded>] % # We can analyse the output sequence at the observation ticks
[<embedded>] % # Note that the assertion signal will automatically get observed at the relevant ticks for the proof
[<embedded>] % set outputSeq [symsim::get_result_sequence]
6
[<embedded>] % check_symsim -sequence $outputSeq -get [list o] -verbose
Sequence: 6
Name: my_recipe_main_seq

 Signal: o
 +--------+--------+----------------------------------------+----------------------------------------+
 | From   | To     | High                                   | Low                                    | 
 +--------+--------+----------------------------------------+----------------------------------------+
 | 6      | 6      | a@2 & a@4 & b@2 & b@4 & c@2 & c@4      | ~a@2 | ~a@4 | ~b@2 | ~b@4 | ~c@2 | ~c@ | 
 |        |        |                                        | 4                                      | 
 +--------+--------+----------------------------------------+----------------------------------------+

o {{75 76 6:6}}
[<embedded>] % check_symsim -sequence $outputSeq -get $assertions -verbose
Sequence: 6
Name: my_recipe_main_seq

 Signal: spec.and_correct
 +--------+--------+----------------------------------------+----------------------------------------+
 | From   | To     | High                                   | Low                                    | 
 +--------+--------+----------------------------------------+----------------------------------------+
 | 6      | 6      | 1'b1                                   | 1'b0                                   | 
 +--------+--------+----------------------------------------+----------------------------------------+

spec.and_correct {{1 2 6:6}}
[<embedded>] % 
[<embedded>] % # symsim::debug_proof
[<embedded>] % 
[<embedded>] % # We need to finish off the proof for ticks < 6
[<embedded>] % # prove -property $propertyName -max_trace_length 5
[<embedded>] % # ===== DFV Proof via SymsimUtils.tcl =====
[<embedded>] % clear -all
INFO (IPF121): Cleared environment completely for new design analysis.
% source symsim_utils.tcl
% source helpers.tcl
% analyze -sv and_2_cycles.sv
[-- (VERI-1482)] Analyzing Verilog file '/eda/cadence/installs/jasper_2024.1220241120044209/lib/verilog/packages/std/std.sv' into library 'std'
[-- (VERI-1482)] Analyzing Verilog file 'and_2_cycles.sv'
% analyze -sva v_and_2_cycles.sva
[-- (VERI-1482)] Analyzing Verilog file 'v_and_2_cycles.sva'
% analyze -sv bind_and_2_cycles.sv
[-- (VERI-1482)] Analyzing Verilog file 'bind_and_2_cycles.sv'
% elaborate -top and_2_cycles_top
INFO (ISW003): Top module name is "and_2_cycles_top".
[INFO (HIER-8002)] and_2_cycles.sv(26): Disabling old hierarchical reference handler
[INFO (VERI-1018)] v_and_2_cycles.sva(7): compiling module 'and_2_cycles_spec'
[INFO (VERI-1018)] and_2_cycles.sv(7): compiling module 'and_2_cycles_top'
INFO (INL208): Elaboration synthesis summary:
  Number of synthesized netlists          3 (1 packages)
  Single run mode                         On
  Pipeline                                On (2 pipelined netlists)
  Late hierarchical reference connection  On
  Number of analyzed Verilog modules      3 (3 synthesized)
  Number of analyzed VHDL entities        0 (0 synthesized)
INFO (INL003): Clearing all state information (assumes, stopats, and so forth).
and_2_cycles_top
[<embedded>] % clock -both_edges clk
[<embedded>] % reset -none
INFO (IPM031): Clearing proof results of all properties.
[<embedded>] % 
[<embedded>] % set modelId [check_symsim -model -create]
INFO (IRS029): Starting reset analysis: phase 1 of 4.
INFO (IRS030): Running reset analysis: phase 2 of 4.
INFO (IRS031): Running reset analysis: phase 3 of 4.
INFO (IRS020): Starting the reset analysis simulation with a limit of 100 iterations (phase 4 of 4).
INFO (IRS024): Reset iterations 0 to 7 analyzed.
INFO (IRS018): Reset analysis simulation executed for 6 iterations. Assigned values for 0 of 2 design flops, 0 of 0 design latches, 3 of 12 internal elements.
INFO (IRS039): Reset analysis complete.
348
[<embedded>] % set assertions [check_symsim -model $modelId -list assert]
and_2_cycles_top.spec.and_correct
[<embedded>] % set propertyName <embedded>::and_2_cycles_top.spec.and_correct
<embedded>::and_2_cycles_top.spec.and_correct
[<embedded>] % 
[<embedded>] % #  (##2 o == ($past(a, 1) & $past(b, 1) & $past(c, 1) & $past(a, 2) & $past(b, 2) & $past(c, 2)));
[<embedded>] % # For this property, we need to simulate the inputs for ticks 2 and 4
[<embedded>] % # We check the property at tick 6
[<embedded>] % 
[<embedded>] % namespace import symsim::*
[<embedded>] % check_symsim -recipe my_recipe -config -init_states false 
[<embedded>] % # the fact that the reset state is Xs everywhere means we can generalise our simulation to start at any time
[<embedded>] % check_symsim -recipe my_recipe -config -cin_ncfow false -cout_ncfow false
[<embedded>] % 
[<embedded>] % 
[<embedded>] % # We add observation ticks so we can better visualise what is happening during the simulation
[<embedded>] % set obs_ticks [create_list 1 8]
1 2 3 4 5 6 7 8
[<embedded>] % set observed_signals [list a b c o]
a b c o
[<embedded>] % set cout_observation_dict [assign_to_all $observed_signals $obs_ticks]
a {1 2 3 4 5 6 7 8} b {1 2 3 4 5 6 7 8} c {1 2 3 4 5 6 7 8} o {1 2 3 4 5 6 7 8}
[<embedded>] % check_symsim -recipe my_recipe -config -add_cout_observation $cout_observation_dict
[<embedded>] % 
[<embedded>] % set aantv [create_antecedent -signal a -tick [list 2 4]]
a {{a@2 2} {a@4 4}}
[<embedded>] % set bantv [create_antecedent -signal b -tick [list 2 4]]
b {{b@2 2} {b@4 4}}
[<embedded>] % set cantv [create_antecedent -signal c -tick [list 2 4]]
c {{c@2 2} {c@4 4}}
[<embedded>] % set antv [merge_antecedents $aantv $bantv $cantv]
a { {a@2 2} {a@4 4}} b { {b@2 2} {b@4 4}} c { {c@2 2} {c@4 4}}
[<embedded>] % 
[<embedded>] % set cout [create_output_constraint -property $propertyName -tick [list 6]]
6
<embedded>::and_2_cycles_top.spec.and_correct 6
[<embedded>] % 
[<embedded>] % puts $antv
a { {a@2 2} {a@4 4}} b { {b@2 2} {b@4 4}} c { {c@2 2} {c@4 4}}
[<embedded>] % puts $cout
<embedded>::and_2_cycles_top.spec.and_correct 6
[<embedded>] % 
[<embedded>] % check_symsim -resolved_recipe -create -recipe my_recipe -antv $antv -cout $cout -force
Associating property and_2_cycles_top.spec.and_correct with recipe my_recipe
resolved_recipe_name my_recipe recipe_type leaf resolved_recipe_path my_recipe recipe_path my_recipe model_id 348 antecedent_seq 2 weakening_seq 1 untimed_ncfow false cin_config {vacuity_check_pass false param_config {num_param_stages 1 num_param_substages 1 param_instances {} param_exclude_symbols {}} obs_dict {} num_steps 1 ncfow_canonize true ncfow_dyn_wlim 10 ncfow_bit_level_weaken true ncfow_assume_clocks false main_canonize true main_dyn_wlim 0 main_bit_level_weaken true param_constants_only false param_bdd_limit 0} cout_config {obs_dict {<embedded>::and_2_cycles_top.spec.and_correct 6} num_steps 6 ncfow false main_canonize true main_dyn_wlim 0 main_bit_level_weaken true constant_propagation false use_sat_solver false conjver_fail_on_first true conjver_max_passes 3 conjver_max_goal_size 1000000}
[<embedded>] % 
[<embedded>] % set proofRes [check_symsim -prove -resolved_recipe my_recipe ]
INFO (ISYM001): Proving leaf recipe my_recipe (Proof Id = 1) ...
WARNING (WSYM047): No BDD order configured for recipe "my_recipe".
    Use check_symsim -recipe -var_order to configure a BDD order.
INFO (ISYM001): --> Starting stage 0 ...
INFO (ISYM001): --> No cins configured for this stage ... skipping it.
INFO (ISYM001): Running main simulation on cout ... ("cout_main_simulation")
--> BDD dynamic weakening limit = 0
Resolving antecedent 2, weakening 4 ...
Obtained resolved sequence 5 ...
Init Symbolic Simulator for view: 348 ("0x84509b0") ...
--> Mark Simulation Graph COI vertices ...
----> 30 COI vertices (32 vertices in Graph)
--> 30 nets to simulate; #free inputs: 3 (3 bits); #undriven nets: 0 (0 bits)
Setup CLOCKs ...
Setup Reset Controls ...
Setup Stimuli collaterals by STE Resolved Sequence 5 from step 1 ...
----> 0 nets are always driven by stimuli in steps 0:7

          Symbolic Simulation Setup:
          --------------------------
          # Simulation Steps: from 1 to 8 = 8
          # Simulation Mode: STE

Start simulation step 1(8) ...
Start constant propagation ...
--> Mark Simulation Graph COI vertices ...
----> 30 COI vertices (32 vertices in Graph)
--> 30 nets to simulate; #free inputs: 3 (3 bits); #undriven nets: 0 (0 bits)
Start simulation step 2(8) ...
Start simulation step 3(8) ...
Start simulation step 4(8) ...
Start simulation step 5(8) ...
Start simulation step 6(8) ...
Start simulation step 7(8) ...
Start simulation step 8(8) ...
Starting BDD garbage collection: 
Total number of BDD nodes: 27
Total memory usage of BDD Manager: 8 MB

Completed BDD garbage collection: 
Total number of BDD nodes: 17
Total memory usage of BDD Manager: 8 MB

End of simulation loop

Constructed trace sequence 6 (my_recipe_main_seq)
Goal <embedded>::and_2_cycles_top.spec.and_correct @ 6 solved.
recipe_type leaf recipe_results {proof_id 1 model_id 348 exit_status completed run_status success solved_goals {{<embedded>::and_2_cycles_top.spec.and_correct 6}} vacuous_goals {} undetermined_falsifiable_goals {} undetermined_x_goals {} unsolved_goals {} remaining_goals {}}
[<embedded>] % set recipe_res [dict get  $proofRes recipe_results]
proof_id 1 model_id 348 exit_status completed run_status success solved_goals {{<embedded>::and_2_cycles_top.spec.and_correct 6}} vacuous_goals {} undetermined_falsifiable_goals {} undetermined_x_goals {} unsolved_goals {} remaining_goals {}
[<embedded>] % set proofId [dict get $recipe_res proof_id]
1
[<embedded>] % 
[<embedded>] % 
[<embedded>] % # We can analyse the output sequence at the observation ticks
[<embedded>] % # Note that the assertion signal will automatically get observed at the relevant ticks for the proof
[<embedded>] % set outputSeq [symsim::get_result_sequence]
6
[<embedded>] % check_symsim -sequence $outputSeq -get [list o] -verbose
Sequence: 6
Name: my_recipe_main_seq

 Signal: o
 +--------+--------+----------------------------------------+----------------------------------------+
 | From   | To     | High                                   | Low                                    | 
 +--------+--------+----------------------------------------+----------------------------------------+
 | 1      | 2      | 1'b0                                   | 1'b0                                   | 
 +--------+--------+----------------------------------------+----------------------------------------+
 | 3      | 4      | 1'b0                                   | ~a@2 | ~b@2 | ~c@2                     | 
 +--------+--------+----------------------------------------+----------------------------------------+
 | 5      | 6      | a@2 & a@4 & b@2 & b@4 & c@2 & c@4      | ~a@2 | ~a@4 | ~b@2 | ~b@4 | ~c@2 | ~c@ | 
 |        |        |                                        | 4                                      | 
 +--------+--------+----------------------------------------+----------------------------------------+
 | 7      | 8      | 1'b0                                   | ~a@4 | ~b@4 | ~c@4                     | 
 +--------+--------+----------------------------------------+----------------------------------------+

o {{2 2 1:2} {2 68 3:4} {75 76 5:6} {2 74 7:8}}
[<embedded>] % check_symsim -sequence $outputSeq -get $assertions -verbose
Sequence: 6
Name: my_recipe_main_seq

 Signal: spec.and_correct
 +--------+--------+----------------------------------------+----------------------------------------+
 | From   | To     | High                                   | Low                                    | 
 +--------+--------+----------------------------------------+----------------------------------------+
 | 6      | 6      | 1'b1                                   | 1'b0                                   | 
 +--------+--------+----------------------------------------+----------------------------------------+
 | 8      | 8      | 1'b1                                   | 1'b0                                   | 
 +--------+--------+----------------------------------------+----------------------------------------+

spec.and_correct {{1 2 6:6} {1 2 8:8}}
[<embedded>] % 
[<embedded>] % # symsim::debug_proof
[<embedded>] % 
[<embedded>] % # We need to finish off the proof for ticks < 6
[<embedded>] % # prove -property $propertyName -max_trace_length 5
[<embedded>] % # ===== DFV Proof via SymsimUtils.tcl =====
[<embedded>] % clear -all
INFO (IPF121): Cleared environment completely for new design analysis.
% source symsim_utils.tcl
% source helpers.tcl
% analyze -sv and_2_cycles.sv
[-- (VERI-1482)] Analyzing Verilog file '/eda/cadence/installs/jasper_2024.1220241120044209/lib/verilog/packages/std/std.sv' into library 'std'
[-- (VERI-1482)] Analyzing Verilog file 'and_2_cycles.sv'
% analyze -sva v_and_2_cycles.sva
[-- (VERI-1482)] Analyzing Verilog file 'v_and_2_cycles.sva'
% analyze -sv bind_and_2_cycles.sv
[-- (VERI-1482)] Analyzing Verilog file 'bind_and_2_cycles.sv'
% elaborate -top and_2_cycles_top
INFO (ISW003): Top module name is "and_2_cycles_top".
[INFO (HIER-8002)] and_2_cycles.sv(26): Disabling old hierarchical reference handler
[INFO (VERI-1018)] v_and_2_cycles.sva(7): compiling module 'and_2_cycles_spec'
[INFO (VERI-1018)] and_2_cycles.sv(7): compiling module 'and_2_cycles_top'
INFO (INL208): Elaboration synthesis summary:
  Number of synthesized netlists          3 (1 packages)
  Single run mode                         On
  Pipeline                                On (2 pipelined netlists)
  Late hierarchical reference connection  On
  Number of analyzed Verilog modules      3 (3 synthesized)
  Number of analyzed VHDL entities        0 (0 synthesized)
INFO (INL003): Clearing all state information (assumes, stopats, and so forth).
and_2_cycles_top
[<embedded>] % clock -both_edges clk
[<embedded>] % reset -none
INFO (IPM031): Clearing proof results of all properties.
[<embedded>] % 
[<embedded>] % set modelId [check_symsim -model -create]
INFO (IRS029): Starting reset analysis: phase 1 of 4.
INFO (IRS030): Running reset analysis: phase 2 of 4.
INFO (IRS031): Running reset analysis: phase 3 of 4.
INFO (IRS020): Starting the reset analysis simulation with a limit of 100 iterations (phase 4 of 4).
INFO (IRS024): Reset iterations 0 to 7 analyzed.
INFO (IRS018): Reset analysis simulation executed for 6 iterations. Assigned values for 0 of 2 design flops, 0 of 0 design latches, 3 of 12 internal elements.
INFO (IRS039): Reset analysis complete.
364
[<embedded>] % set assertions [check_symsim -model $modelId -list assert]
and_2_cycles_top.spec.and_correct
[<embedded>] % set propertyName <embedded>::and_2_cycles_top.spec.and_correct
<embedded>::and_2_cycles_top.spec.and_correct
[<embedded>] % 
[<embedded>] % #  (##2 o == ($past(a, 1) & $past(b, 1) & $past(c, 1) & $past(a, 2) & $past(b, 2) & $past(c, 2)));
[<embedded>] % # For this property, we need to simulate the inputs for ticks 2 and 4
[<embedded>] % # We check the property at tick 6
[<embedded>] % 
[<embedded>] % namespace import symsim::*
[<embedded>] % check_symsim -recipe my_recipe -config -init_states false 
[<embedded>] % # the fact that the reset state is Xs everywhere means we can generalise our simulation to start at any time
[<embedded>] % check_symsim -recipe my_recipe -config -cin_ncfow false -cout_ncfow false
[<embedded>] % 
[<embedded>] % 
[<embedded>] % # We add observation ticks so we can better visualise what is happening during the simulation
[<embedded>] % set obs_ticks [create_list 1 8]
1 2 3 4 5 6 7 8
[<embedded>] % set observed_signals [list a b c o]
a b c o
[<embedded>] % set cout_observation_dict [assign_to_all $observed_signals $obs_ticks]
a {1 2 3 4 5 6 7 8} b {1 2 3 4 5 6 7 8} c {1 2 3 4 5 6 7 8} o {1 2 3 4 5 6 7 8}
[<embedded>] % check_symsim -recipe my_recipe -config -add_cout_observation $cout_observation_dict
[<embedded>] % 
[<embedded>] % set aantv [create_antecedent -signal a -tick [list 2 4]]
a {{a@2 2} {a@4 4}}
[<embedded>] % set bantv [create_antecedent -signal b -tick [list 2 4]]
b {{b@2 2} {b@4 4}}
[<embedded>] % set cantv [create_antecedent -signal c -tick [list 2 4]]
c {{c@2 2} {c@4 4}}
[<embedded>] % set antv [merge_antecedents $aantv $bantv $cantv]
a { {a@2 2} {a@4 4}} b { {b@2 2} {b@4 4}} c { {c@2 2} {c@4 4}}
[<embedded>] % 
[<embedded>] % set cout [create_output_constraint -property $propertyName -tick [list 2 4 6 8]]
2 4 6 8
<embedded>::and_2_cycles_top.spec.and_correct {2 4 6 8}
[<embedded>] % 
[<embedded>] % puts $antv
a { {a@2 2} {a@4 4}} b { {b@2 2} {b@4 4}} c { {c@2 2} {c@4 4}}
[<embedded>] % puts $cout
<embedded>::and_2_cycles_top.spec.and_correct {2 4 6 8}
[<embedded>] % 
[<embedded>] % check_symsim -resolved_recipe -create -recipe my_recipe -antv $antv -cout $cout -force
Associating property and_2_cycles_top.spec.and_correct with recipe my_recipe
resolved_recipe_name my_recipe recipe_type leaf resolved_recipe_path my_recipe recipe_path my_recipe model_id 364 antecedent_seq 2 weakening_seq 1 untimed_ncfow false cin_config {vacuity_check_pass false param_config {num_param_stages 1 num_param_substages 1 param_instances {} param_exclude_symbols {}} obs_dict {} num_steps 1 ncfow_canonize true ncfow_dyn_wlim 10 ncfow_bit_level_weaken true ncfow_assume_clocks false main_canonize true main_dyn_wlim 0 main_bit_level_weaken true param_constants_only false param_bdd_limit 0} cout_config {obs_dict {<embedded>::and_2_cycles_top.spec.and_correct {2 4 6 8}} num_steps 8 ncfow false main_canonize true main_dyn_wlim 0 main_bit_level_weaken true constant_propagation false use_sat_solver false conjver_fail_on_first true conjver_max_passes 3 conjver_max_goal_size 1000000}
[<embedded>] % 
[<embedded>] % set proofRes [check_symsim -prove -resolved_recipe my_recipe ]
INFO (ISYM001): Proving leaf recipe my_recipe (Proof Id = 1) ...
WARNING (WSYM047): No BDD order configured for recipe "my_recipe".
    Use check_symsim -recipe -var_order to configure a BDD order.
INFO (ISYM001): --> Starting stage 0 ...
INFO (ISYM001): --> No cins configured for this stage ... skipping it.
INFO (ISYM001): Running main simulation on cout ... ("cout_main_simulation")
--> BDD dynamic weakening limit = 0
Resolving antecedent 2, weakening 4 ...
Obtained resolved sequence 5 ...
Init Symbolic Simulator for view: 364 ("0x648c510") ...
--> Mark Simulation Graph COI vertices ...
----> 30 COI vertices (32 vertices in Graph)
--> 30 nets to simulate; #free inputs: 3 (3 bits); #undriven nets: 0 (0 bits)
Setup CLOCKs ...
Setup Reset Controls ...
Setup Stimuli collaterals by STE Resolved Sequence 5 from step 1 ...
----> 0 nets are always driven by stimuli in steps 0:8

          Symbolic Simulation Setup:
          --------------------------
          # Simulation Steps: from 1 to 9 = 9
          # Simulation Mode: STE

Start simulation step 1(9) ...
Start constant propagation ...
--> Mark Simulation Graph COI vertices ...
----> 30 COI vertices (32 vertices in Graph)
--> 30 nets to simulate; #free inputs: 3 (3 bits); #undriven nets: 0 (0 bits)
Start simulation step 2(9) ...
Start simulation step 3(9) ...
Start simulation step 4(9) ...
Start simulation step 5(9) ...
Start simulation step 6(9) ...
Start simulation step 7(9) ...
Start simulation step 8(9) ...
Start simulation step 9(9) ...
Starting BDD garbage collection: 
Total number of BDD nodes: 27
Total memory usage of BDD Manager: 8 MB

Completed BDD garbage collection: 
Total number of BDD nodes: 17
Total memory usage of BDD Manager: 8 MB

End of simulation loop

Constructed trace sequence 6 (my_recipe_main_seq)
WARNING (WSYM025): The expression computed for goal <embedded>::and_2_cycles_top.spec.and_correct at time 2 (sequence 6) is not boolean.
Goal <embedded>::and_2_cycles_top.spec.and_correct @ 2 remains unsolved after 3 passes.
Processing goal to determine unsolved type.
Goal is undetermined X.
recipe_type leaf recipe_results {proof_id 1 model_id 364 exit_status completed run_status failure solved_goals {} vacuous_goals {} undetermined_falsifiable_goals {} undetermined_x_goals {{<embedded>::and_2_cycles_top.spec.and_correct 2}} unsolved_goals {} remaining_goals {{<embedded>::and_2_cycles_top.spec.and_correct 4} {<embedded>::and_2_cycles_top.spec.and_correct 6} {<embedded>::and_2_cycles_top.spec.and_correct 8}}}
[<embedded>] % set recipe_res [dict get  $proofRes recipe_results]
proof_id 1 model_id 364 exit_status completed run_status failure solved_goals {} vacuous_goals {} undetermined_falsifiable_goals {} undetermined_x_goals {{<embedded>::and_2_cycles_top.spec.and_correct 2}} unsolved_goals {} remaining_goals {{<embedded>::and_2_cycles_top.spec.and_correct 4} {<embedded>::and_2_cycles_top.spec.and_correct 6} {<embedded>::and_2_cycles_top.spec.and_correct 8}}
[<embedded>] % set proofId [dict get $recipe_res proof_id]
1
[<embedded>] % 
[<embedded>] % 
[<embedded>] % # We can analyse the output sequence at the observation ticks
[<embedded>] % # Note that the assertion signal will automatically get observed at the relevant ticks for the proof
[<embedded>] % set outputSeq [symsim::get_result_sequence]
6
[<embedded>] % check_symsim -sequence $outputSeq -get [list o] -verbose
Sequence: 6
Name: my_recipe_main_seq

 Signal: o
 +--------+--------+----------------------------------------+----------------------------------------+
 | From   | To     | High                                   | Low                                    | 
 +--------+--------+----------------------------------------+----------------------------------------+
 | 1      | 2      | 1'b0                                   | 1'b0                                   | 
 +--------+--------+----------------------------------------+----------------------------------------+
 | 3      | 4      | 1'b0                                   | ~a@2 | ~b@2 | ~c@2                     | 
 +--------+--------+----------------------------------------+----------------------------------------+
 | 5      | 6      | a@2 & a@4 & b@2 & b@4 & c@2 & c@4      | ~a@2 | ~a@4 | ~b@2 | ~b@4 | ~c@2 | ~c@ | 
 |        |        |                                        | 4                                      | 
 +--------+--------+----------------------------------------+----------------------------------------+
 | 7      | 8      | 1'b0                                   | ~a@4 | ~b@4 | ~c@4                     | 
 +--------+--------+----------------------------------------+----------------------------------------+

o {{2 2 1:2} {2 68 3:4} {75 76 5:6} {2 74 7:8}}
[<embedded>] % check_symsim -sequence $outputSeq -get $assertions -verbose
Sequence: 6
Name: my_recipe_main_seq

 Signal: spec.and_correct
 +--------+--------+----------------------------------------+----------------------------------------+
 | From   | To     | High                                   | Low                                    | 
 +--------+--------+----------------------------------------+----------------------------------------+
 | 2      | 3      | 1'b0                                   | 1'b0                                   | 
 +--------+--------+----------------------------------------+----------------------------------------+
 | 4      | 5      | ~a@2 | ~b@2 | ~c@2                     | 1'b0                                   | 
 +--------+--------+----------------------------------------+----------------------------------------+
 | 6      | 6      | 1'b1                                   | 1'b0                                   | 
 +--------+--------+----------------------------------------+----------------------------------------+
 | 8      | STR_ERROR| ~a@4 | ~b@4 | ~c@4                     | 1'b0                                   | 
 +--------+--------+----------------------------------------+----------------------------------------+

spec.and_correct {{2 2 2:3} {68 2 4:5} {1 2 6:6} {74 2 {8:$}}}
[<embedded>] % 
[<embedded>] % # symsim::debug_proof
[<embedded>] % 
[<embedded>] % # We need to finish off the proof for ticks < 6
[<embedded>] % # prove -property $propertyName -max_trace_length 5
[<embedded>] % # ===== DFV Proof via SymsimUtils.tcl =====
[<embedded>] % clear -all
INFO (IPF121): Cleared environment completely for new design analysis.
% source symsim_utils.tcl
% source helpers.tcl
% namespace import symsim::*
% analyze -sv and_2_cycles.sv
[-- (VERI-1482)] Analyzing Verilog file '/eda/cadence/installs/jasper_2024.1220241120044209/lib/verilog/packages/std/std.sv' into library 'std'
[-- (VERI-1482)] Analyzing Verilog file 'and_2_cycles.sv'
% analyze -sva v_and_2_cycles.sva
[-- (VERI-1482)] Analyzing Verilog file 'v_and_2_cycles.sva'
% analyze -sv bind_and_2_cycles.sv
[-- (VERI-1482)] Analyzing Verilog file 'bind_and_2_cycles.sv'
% elaborate -top and_2_cycles_top
INFO (ISW003): Top module name is "and_2_cycles_top".
[INFO (HIER-8002)] and_2_cycles.sv(26): Disabling old hierarchical reference handler
[INFO (VERI-1018)] v_and_2_cycles.sva(7): compiling module 'and_2_cycles_spec'
[INFO (VERI-1018)] and_2_cycles.sv(7): compiling module 'and_2_cycles_top'
INFO (INL208): Elaboration synthesis summary:
  Number of synthesized netlists          3 (1 packages)
  Single run mode                         On
  Pipeline                                On (2 pipelined netlists)
  Late hierarchical reference connection  On
  Number of analyzed Verilog modules      3 (3 synthesized)
  Number of analyzed VHDL entities        0 (0 synthesized)
INFO (INL003): Clearing all state information (assumes, stopats, and so forth).
and_2_cycles_top
[<embedded>] % clock -both_edges clk
[<embedded>] % reset -none
INFO (IPM031): Clearing proof results of all properties.
[<embedded>] % 
[<embedded>] % set modelId [check_symsim -model -create]
INFO (IRS029): Starting reset analysis: phase 1 of 4.
INFO (IRS030): Running reset analysis: phase 2 of 4.
INFO (IRS031): Running reset analysis: phase 3 of 4.
INFO (IRS020): Starting the reset analysis simulation with a limit of 100 iterations (phase 4 of 4).
INFO (IRS024): Reset iterations 0 to 7 analyzed.
INFO (IRS018): Reset analysis simulation executed for 6 iterations. Assigned values for 0 of 2 design flops, 0 of 0 design latches, 3 of 12 internal elements.
INFO (IRS039): Reset analysis complete.
380
[<embedded>] % set assertions [check_symsim -model $modelId -list assert]
and_2_cycles_top.spec.and_correct
[<embedded>] % set propertyName <embedded>::and_2_cycles_top.spec.and_correct
<embedded>::and_2_cycles_top.spec.and_correct
[<embedded>] % 
[<embedded>] % #  (##2 o == ($past(a, 1) & $past(b, 1) & $past(c, 1) & $past(a, 2) & $past(b, 2) & $past(c, 2)));
[<embedded>] % # For this property, we need to simulate the inputs for ticks 2 and 4
[<embedded>] % # We check the property at tick 6
[<embedded>] % 
[<embedded>] % check_symsim -recipe my_recipe -config -init_states false 
[<embedded>] % # the fact that the reset state is Xs everywhere means we can generalise our simulation to start at any time
[<embedded>] % check_symsim -recipe my_recipe -config -cin_ncfow false -cout_ncfow false
[<embedded>] % 
[<embedded>] % 
[<embedded>] % # We add observation ticks so we can better visualise what is happening during the simulation
[<embedded>] % set obs_ticks [create_list 1 8]
1 2 3 4 5 6 7 8
[<embedded>] % set observed_signals [list a b c o]
a b c o
[<embedded>] % set cout_observation_dict [assign_to_all $observed_signals $obs_ticks]
a {1 2 3 4 5 6 7 8} b {1 2 3 4 5 6 7 8} c {1 2 3 4 5 6 7 8} o {1 2 3 4 5 6 7 8}
[<embedded>] % check_symsim -recipe my_recipe -config -add_cout_observation $cout_observation_dict
[<embedded>] % 
[<embedded>] % # Create the antecedent (create bdd variables for each input signal)
[<embedded>] % set aantv [create_antecedent -signal a -tick [list 2 4]]
a {{a@2 2} {a@4 4}}
[<embedded>] % set bantv [create_antecedent -signal b -tick [list 2 4]]
b {{b@2 2} {b@4 4}}
[<embedded>] % set cantv [create_antecedent -signal c -tick [list 2 4]]
c {{c@2 2} {c@4 4}}
[<embedded>] % set antv [merge_antecedents $aantv $bantv $cantv]
a { {a@2 2} {a@4 4}} b { {b@2 2} {b@4 4}} c { {c@2 2} {c@4 4}}
[<embedded>] % 
[<embedded>] % # Create the output constraint (see which wires we should observe during the simulation)
[<embedded>] % set cout [create_output_constraint -property $propertyName -tick [list 4 6 8]]
4 6 8
<embedded>::and_2_cycles_top.spec.and_correct {4 6 8}
[<embedded>] % # remove the 4 and 8 to get it to prove properly
[<embedded>] % 
[<embedded>] % puts $antv
a { {a@2 2} {a@4 4}} b { {b@2 2} {b@4 4}} c { {c@2 2} {c@4 4}}
[<embedded>] % puts $cout
<embedded>::and_2_cycles_top.spec.and_correct {4 6 8}
[<embedded>] % 
[<embedded>] % # Resolve the recipe
[<embedded>] % check_symsim -resolved_recipe -create -recipe my_recipe -antv $antv -cout $cout -force
Associating property and_2_cycles_top.spec.and_correct with recipe my_recipe
resolved_recipe_name my_recipe recipe_type leaf resolved_recipe_path my_recipe recipe_path my_recipe model_id 380 antecedent_seq 2 weakening_seq 1 untimed_ncfow false cin_config {vacuity_check_pass false param_config {num_param_stages 1 num_param_substages 1 param_instances {} param_exclude_symbols {}} obs_dict {} num_steps 1 ncfow_canonize true ncfow_dyn_wlim 10 ncfow_bit_level_weaken true ncfow_assume_clocks false main_canonize true main_dyn_wlim 0 main_bit_level_weaken true param_constants_only false param_bdd_limit 0} cout_config {obs_dict {<embedded>::and_2_cycles_top.spec.and_correct {4 6 8}} num_steps 8 ncfow false main_canonize true main_dyn_wlim 0 main_bit_level_weaken true constant_propagation false use_sat_solver false conjver_fail_on_first true conjver_max_passes 3 conjver_max_goal_size 1000000}
[<embedded>] % 
[<embedded>] % # Prove the recipe
[<embedded>] % set proofRes [check_symsim -prove -resolved_recipe my_recipe ]
INFO (ISYM001): Proving leaf recipe my_recipe (Proof Id = 1) ...
WARNING (WSYM047): No BDD order configured for recipe "my_recipe".
    Use check_symsim -recipe -var_order to configure a BDD order.
INFO (ISYM001): --> Starting stage 0 ...
INFO (ISYM001): --> No cins configured for this stage ... skipping it.
INFO (ISYM001): Running main simulation on cout ... ("cout_main_simulation")
--> BDD dynamic weakening limit = 0
Resolving antecedent 2, weakening 4 ...
Obtained resolved sequence 5 ...
Init Symbolic Simulator for view: 380 ("0x8c145a0") ...
--> Mark Simulation Graph COI vertices ...
----> 30 COI vertices (32 vertices in Graph)
--> 30 nets to simulate; #free inputs: 3 (3 bits); #undriven nets: 0 (0 bits)
Setup CLOCKs ...
Setup Reset Controls ...
Setup Stimuli collaterals by STE Resolved Sequence 5 from step 1 ...
----> 0 nets are always driven by stimuli in steps 0:8

          Symbolic Simulation Setup:
          --------------------------
          # Simulation Steps: from 1 to 9 = 9
          # Simulation Mode: STE

Start simulation step 1(9) ...
Start constant propagation ...
--> Mark Simulation Graph COI vertices ...
----> 30 COI vertices (32 vertices in Graph)
--> 30 nets to simulate; #free inputs: 3 (3 bits); #undriven nets: 0 (0 bits)
Start simulation step 2(9) ...
Start simulation step 3(9) ...
Start simulation step 4(9) ...
Start simulation step 5(9) ...
Start simulation step 6(9) ...
Start simulation step 7(9) ...
Start simulation step 8(9) ...
Start simulation step 9(9) ...
Starting BDD garbage collection: 
Total number of BDD nodes: 27
Total memory usage of BDD Manager: 8 MB

Completed BDD garbage collection: 
Total number of BDD nodes: 17
Total memory usage of BDD Manager: 8 MB

End of simulation loop

Constructed trace sequence 6 (my_recipe_main_seq)
WARNING (WSYM025): The expression computed for goal <embedded>::and_2_cycles_top.spec.and_correct at time 4 (sequence 6) is not boolean.
Goal <embedded>::and_2_cycles_top.spec.and_correct @ 4 remains unsolved after 3 passes.
Processing goal to determine unsolved type.
Goal is undetermined X.
recipe_type leaf recipe_results {proof_id 1 model_id 380 exit_status completed run_status failure solved_goals {} vacuous_goals {} undetermined_falsifiable_goals {} undetermined_x_goals {{<embedded>::and_2_cycles_top.spec.and_correct 4}} unsolved_goals {} remaining_goals {{<embedded>::and_2_cycles_top.spec.and_correct 6} {<embedded>::and_2_cycles_top.spec.and_correct 8}}}
[<embedded>] % set recipe_res [dict get  $proofRes recipe_results]
proof_id 1 model_id 380 exit_status completed run_status failure solved_goals {} vacuous_goals {} undetermined_falsifiable_goals {} undetermined_x_goals {{<embedded>::and_2_cycles_top.spec.and_correct 4}} unsolved_goals {} remaining_goals {{<embedded>::and_2_cycles_top.spec.and_correct 6} {<embedded>::and_2_cycles_top.spec.and_correct 8}}
[<embedded>] % set proofId [dict get $recipe_res proof_id]
1
[<embedded>] % 
[<embedded>] % 
[<embedded>] % # Analyse the output sequence at the observation ticks
[<embedded>] % # Note that the assertion signal will automatically get observed at the relevant ticks for the proof
[<embedded>] % set outputSeq [symsim::get_result_sequence]
6
[<embedded>] % check_symsim -sequence $outputSeq -get [list o] -verbose
Sequence: 6
Name: my_recipe_main_seq

 Signal: o
 +--------+--------+----------------------------------------+----------------------------------------+
 | From   | To     | High                                   | Low                                    | 
 +--------+--------+----------------------------------------+----------------------------------------+
 | 1      | 2      | 1'b0                                   | 1'b0                                   | 
 +--------+--------+----------------------------------------+----------------------------------------+
 | 3      | 4      | 1'b0                                   | ~a@2 | ~b@2 | ~c@2                     | 
 +--------+--------+----------------------------------------+----------------------------------------+
 | 5      | 6      | a@2 & a@4 & b@2 & b@4 & c@2 & c@4      | ~a@2 | ~a@4 | ~b@2 | ~b@4 | ~c@2 | ~c@ | 
 |        |        |                                        | 4                                      | 
 +--------+--------+----------------------------------------+----------------------------------------+
 | 7      | 8      | 1'b0                                   | ~a@4 | ~b@4 | ~c@4                     | 
 +--------+--------+----------------------------------------+----------------------------------------+

o {{2 2 1:2} {2 68 3:4} {75 76 5:6} {2 74 7:8}}
[<embedded>] % check_symsim -sequence $outputSeq -get $assertions -verbose
Sequence: 6
Name: my_recipe_main_seq

 Signal: spec.and_correct
 +--------+--------+----------------------------------------+----------------------------------------+
 | From   | To     | High                                   | Low                                    | 
 +--------+--------+----------------------------------------+----------------------------------------+
 | 4      | 5      | ~a@2 | ~b@2 | ~c@2                     | 1'b0                                   | 
 +--------+--------+----------------------------------------+----------------------------------------+
 | 6      | 6      | 1'b1                                   | 1'b0                                   | 
 +--------+--------+----------------------------------------+----------------------------------------+
 | 8      | STR_ERROR| ~a@4 | ~b@4 | ~c@4                     | 1'b0                                   | 
 +--------+--------+----------------------------------------+----------------------------------------+

spec.and_correct {{68 2 4:5} {1 2 6:6} {74 2 {8:$}}}
[<embedded>] % 
[<embedded>] % # symsim::debug_proof
[<embedded>] % # We need to finish off the proof for ticks < 6
[<embedded>] % # prove -property $propertyName -max_trace_length 5
INFO (IIM002): *** Stopping all proof jobs ***
INFO (IPL005): Received request to exit from the console.
INFO (IPL014): Waiting for the Tcl-thread to exit.
INFO (IPL018): The peak resident set memory use for this session was 0.475 GB.
INFO (IPL015): The Tcl-thread exited with status 0.
INFO (IPL016): Exiting the analysis session with status 0.
